// Jest Snapshot v1, https://goo.gl/fbAQLP

exports[`fixures when deserializing a empty value 1`] = `[]`;
